
--- 2D Graphics Editor ---
1. Add Object
2. Delete Object
3. Modify Object
4. Display Picture
5. Exit
Choice: 
Add Object:
1. Line
2. Rectangle
3. Circle
4. Triangle
Choice: Enter x1 y1 x2 y2: 
--- 2D Graphics Editor ---
1. Add Object
2. Delete Object
3. Modify Object
4. Display Picture
5. Exit
Choice: 
Add Object:
1. Line
2. Rectangle
3. Circle
4. Triangle
Choice: Enter cx cy radius: 
--- 2D Graphics Editor ---
1. Add Object
2. Delete Object
3. Modify Object
4. Display Picture
5. Exit
Choice: 
Canvas (80x25):
*_______________________________________________________________________________
_*______________________________________________________________________________
__*_____________________________________________________________________________
___*____________________________________________________________________________
____*_________________________________*****_____________________________________
_____*_______________________________*_____*____________________________________
______*_____________________________*_______*___________________________________
_______*___________________________*_________*__________________________________
________*_________________________*___________*_________________________________
_________*_______________________*_____________*________________________________
__________*_____________________*_______________*_______________________________
________________________________*_______________*_______________________________
________________________________*_______________*_______________________________
________________________________*_______________*_______________________________
________________________________*_______________*_______________________________
_________________________________*_____________*________________________________
__________________________________*___________*_________________________________
___________________________________*_________*__________________________________
____________________________________*_______*___________________________________
_____________________________________*_____*____________________________________
______________________________________*****_____________________________________
________________________________________________________________________________
________________________________________________________________________________
________________________________________________________________________________
________________________________________________________________________________

--- 2D Graphics Editor ---
1. Add Object
2. Delete Object
3. Modify Object
4. Display Picture
5. Exit
Choice: 
Objects:
1: Line from (0,0) to (10,10)
2: Circle at (40,12) with radius 8
Enter object index to delete: 
--- 2D Graphics Editor ---
1. Add Object
2. Delete Object
3. Modify Object
4. Display Picture
5. Exit
Choice: 
Canvas (80x25):
________________________________________________________________________________
________________________________________________________________________________
________________________________________________________________________________
________________________________________________________________________________
______________________________________*****_____________________________________
_____________________________________*_____*____________________________________
____________________________________*_______*___________________________________
___________________________________*_________*__________________________________
__________________________________*___________*_________________________________
_________________________________*_____________*________________________________
________________________________*_______________*_______________________________
________________________________*_______________*_______________________________
________________________________*_______________*_______________________________
________________________________*_______________*_______________________________
________________________________*_______________*_______________________________
_________________________________*_____________*________________________________
__________________________________*___________*_________________________________
___________________________________*_________*__________________________________
____________________________________*_______*___________________________________
_____________________________________*_____*____________________________________
______________________________________*****_____________________________________
________________________________________________________________________________
________________________________________________________________________________
________________________________________________________________________________
________________________________________________________________________________

--- 2D Graphics Editor ---
1. Add Object
2. Delete Object
3. Modify Object
4. Display Picture
5. Exit
Choice: Exiting...
